// Jest Snapshot v1, https://goo.gl/fbAQLP

exports[`Render the add componet 1`] = `
ShallowWrapper {
  "complexSelector": ComplexSelector {
    "buildPredicate": [Function],
    "childrenOfNode": [Function],
    "findWhereUnwrapped": [Function],
  },
  "length": 1,
  "node": <section
    name="Home"
>
    <h1>
        Home
    </h1>
    <section>
        <h2>
            Loading posts...
        </h2>
    </section>
    <Link
        replace={false}
        to="/about"
    >
        Go to about
    </Link>
</section>,
  "nodes": Array [
    <section
      name="Home"
>
      <h1>
            Home
      </h1>
      <section>
            <h2>
                  Loading posts...
            </h2>
      </section>
      <Link
            replace={false}
            to="/about"
      >
            Go to about
      </Link>
</section>,
  ],
  "options": Object {},
  "renderer": ReactShallowRenderer {
    "_instance":  {
      "_calledComponentWillUnmount": false,
      "_compositeType": 0,
      "_context": Object {},
      "_currentElement": <Home />,
      "_debugID": 1,
      "_hostContainerInfo": null,
      "_hostParent": null,
      "_instance": Home {
        "_reactInternalInstance": [Circular],
        "context": Object {},
        "props": Object {},
        "refs": Object {},
        "state": Object {
          "loading": true,
          "page": 1,
          "posts": Array [],
        },
        "updater": Object {
          "enqueueCallback": [Function],
          "enqueueCallbackInternal": [Function],
          "enqueueElementInternal": [Function],
          "enqueueForceUpdate": [Function],
          "enqueueReplaceState": [Function],
          "enqueueSetState": [Function],
          "isMounted": [Function],
          "validateCallback": [Function],
        },
      },
      "_mountOrder": 1,
      "_pendingCallbacks": null,
      "_pendingElement": null,
      "_pendingForceUpdate": false,
      "_pendingReplaceState": false,
      "_pendingStateQueue": null,
      "_renderedComponent": NoopInternalComponent {
        "_currentElement": <section
          name="Home"
>
          <h1>
                    Home
          </h1>
          <section>
                    <h2>
                              Loading posts...
                    </h2>
          </section>
          <Link
                    replace={false}
                    to="/about"
          >
                    Go to about
          </Link>
</section>,
        "_debugID": 2,
        "_renderedOutput": <section
          name="Home"
>
          <h1>
                    Home
          </h1>
          <section>
                    <h2>
                              Loading posts...
                    </h2>
          </section>
          <Link
                    replace={false}
                    to="/about"
          >
                    Go to about
          </Link>
</section>,
      },
      "_renderedNodeType": 0,
      "_rootNodeID": 0,
      "_topLevelWrapper": null,
      "_updateBatchNumber": null,
      "_warnedAboutRefsInRender": false,
    },
    "getRenderOutput": [Function],
    "render": [Function],
  },
  "root": [Circular],
  "unrendered": <Home />,
}
`;
